QASP 1.0

{b,a,ne,d,c}
{b,a,ne,nd,c}
{b,a,e,nd,nc}
{b,a,ne,d,nc}
{a,nb,ne,d,c}
{a,nb,ne,nd,c}
{a,nb,e,nd,nc}
{a,nb,ne,d,nc}
{nb,na,ne,d,c}
{nb,na,ne,nd,c}
{nb,na,e,nd,nc}
{nb,na,ne,d,nc}
{b,na,ne,d,c}
{b,na,ne,nd,c}
{b,na,e,nd,nc}
{b,na,ne,d,nc}
