QASP 1.0

{x,y,nz}
{x,ny,z}
{x,ny,nz}
{nx,y,z}
{nx,y,nz}
{nx,ny,z}
